
<h1>Odkazy</h1>

<ul>
	<li>1. odkaz <a href="http://creativecommons.org/license/" rel="nofollow">pokus</a></li>

	<li>2. odkaz <a href="[*obrazek3*]" title="ahoj">pokus</a></li>

	<li>3. odkaz<a href="aa"></a> prázdný</li>

	<li>4. odkaz &lt;a&gt;test prázdný</li>

	<li>5. Klasický odkaz <a href="http://phpfashion.com/" rel="nofollow">php Fashion</a>?</li>

	<li>6. Klasický odkaz <a href="/trine/">php Fashion</a>x</li>

	<li>7. Klasický odkaz <a href="xxx/./trine/">php Fashion</a>x</li>

	<li>8. Klasický odkaz <a href="mailto:dave&#64;example.com">php Fashion</a>x</li>

	<li>9. Klasický odkaz <a href="mailto:dave&#64;example.com">php Fashion</a></li>

	<li>10. Referenční odkaz <a href="xxx/php Fashion1">php Fashion</a></li>

	<li>11. Referenční odkaz <a href="xxx/php Fashion2">php Fashion</a></li>

	<li>12. Referenční odkaz <a href="xxx/php Fashion3">php Fashion</a></li>

	<li>13. Referenční odkaz <a href="xxx/email">php Fashion</a></li>

	<li>14. Referenční odkaz <a href="xxx/php Fashion1" title="title2">php Fashion</a>?</li>

	<li>15. Referenční odkaz <a href="xxx/php Fashion2" title="title2">php Fashion</a>?</li>

	<li>16. Referenční odkaz <a href="xxx/php Fashion1#12">php Fashion</a>?</li>

	<li>17. Referenční odkaz <a href="xxx/php Fashion2?a=45">php Fashion</a>?</li>

	<li>18. Čistě referenční odkaz [php Fashion1]</li>

	<li>19. Čistě referenční odkaz [php Fashion2]</li>

	<li>20. Čistě referenční odkaz [php Fashion3]</li>

	<li>21. Čistě referenční odkaz [email]</li>

	<li>wiki link <a href="http://texy.info" rel="nofollow">Texy</a></li>

	<li>wiki link <a href="http://texy.info" rel="nofollow">Texy</a></li>
</ul>

<h1>Obrázkové odkazy:</h1>

<ul>
	<li>22. Klasický odkaz <a href="../images/big/texy-big.jpg" onclick="return !popupImage(this.href)">obrazek</a></li>

	<li>23. Klasický odkaz <a href="../images/big/texy-big.jpg" onclick="return !popupImage(this.href)">obrazek</a></li>

	<li>24. Klasický odkaz <a href="../images/big/texy-big.jpg | 2 |3" onclick="return !popupImage(this.href)">obrazek</a></li>

	<li>25. Referenční odkaz <a href="xxx/xobrazek1">obrazek</a></li>

	<li>26. Referenční odkaz <a href="../images/big/texy.jpg" title="altX" onclick="return !popupImage(this.href)">obrazek</a></li>

	<li>27. Referenční odkaz <a href="../images/big/texy.jpg" onclick="return !popupImage(this.href)">obrazek</a></li>

	<li>28. Čistě referenční odkaz [xobrazek1]</li>

	<li>29. Čistě referenční odkaz [xobrazek2]</li>

	<li>30. Čistě referenční odkaz [xobrazek3]</li>

	<li>31. Čistě referenční odkaz [xobrazek4]</li>
</ul>

<h1>Odkazující obrázky:</h1>

<ul>
	<li>32. Klasický odkaz [<em>texy.jpg</em>]:<a href="http://phpfashion.com/?" rel="nofollow">http://phpfashion.com/</a></li>

	<li>34. Klasický odkaz [*texy.jpg | texy-big.jpg .(title)[class] &lt;]:[<a href="mailto:dave&#64;example.com">dave&#64;<!-- -->example.com</a>]x</li>

	<li>35. Referenční odkaz [xobrazek1]:[php Fashion1]</li>

	<li>36. Referenční odkaz <a href="../images/big/texy.jpg" onclick="return !popupImage(this.href)">php Fashion</a></li>

	<li>37. Referenční odkaz <a href="../images/big/texy.jpg" onclick="return !popupImage(this.href)">php Fashion</a></li>

	<li>38. Referenční odkaz [<em>obrazek2</em>]:[e­mail]</li>

	<li>39. Referenční odkaz <a href="../images/big/texy.jpg" title="title2" onclick="return !popupImage(this.href)">php Fashion</a>?</li>

	<li>40. Referenční odkaz <a href="../images/big/texy.jpg" title="title2" onclick="return !popupImage(this.href)">php Fashion</a>?</li>

	<li>41. Referenční odkaz [<em>obrazek1</em>]:[php Fashion2]</li>

	<li>42. Referenční odkaz [<em>obrazek2</em>]:[/tri­ne/]x</li>

	<li>43. Referenční odkaz [*obrazek3&lt;]::</li>

	<li>44. Referenční odkaz [*obrazek2&gt;]::</li>

	<li>45. Referenční odkaz [<em>obrazek4</em>]:[<em>o­brazek1</em>]</li>

	<li>46. Čistě referenční obrázek [<em>obrazek1</em>]</li>

	<li>47. Čistě referenční obrázek [<em>obrazek2</em>]</li>

	<li>48. Čistě referenční obrázek [<em>obrazek3</em>]</li>

	<li>49. Čistě referenční obrázek [<em>obrazek4</em>]</li>
</ul>

<h1>Obrázek s popiskou</h1>

<p>[* texy.gif *]:[home] * popiska s plným formátováním</p>

<h1>Rel nofollow</h1>

<ul>
	<li>50. relnofollow odkaz <a href="http://phpfashion.com/" rel="nofollow">php Fashion</a>?</li>

	<li>51. relnofollow odkaz <a href="/trine/">php Fashion</a>x</li>

	<li>52. relnofollow odkaz <a href="xxx/./trine/">php Fashion</a>x</li>

	<li>53. relnofollow odkaz <a href="mailto:dave&#64;example.com" rel="nofollow">php Fashion</a>x</li>

	<li>54. relnofollow odkaz <a href="mailto:dave&#64;example.com">php Fashion</a></li>

	<li>55. relnofollow odkaz <a href="/test">test1</a></li>

	<li>56. relnofollow odkaz <a href="mailto:test&#64;text.cz">test2</a></li>

	<li>57. relnofollow odkaz <a href="//server/path" rel="nofollow">test3</a></li>

	<li>58. relnofollow odkaz <a href="http://server/path" rel="nofollow">test4</a></li>

	<li>59. relnofollow odkaz <a href="http://server/path" rel="my nofollow">test5</a></li>
</ul>

<h1>Specialni</h1>

<ul>
	<li>60. <a href="http://www.text.cz" rel="nofollow">text1</a></li>

	<li>60. <a href="http://www.text.cz" rel="nofollow">text1</a>)</li>

	<li>60. <a href="http://www.text.cz(" rel="nofollow">text1</a>)</li>

	<li>60. <a href="http://www.text.cz(x" rel="nofollow">text1</a>)</li>

	<li>61. text2</li>

	<li>62. text3)</li>

	<li>63. <a href="mailto:dave&#64;example.com">text4</a></li>

	<li>63. <a href="xxx/mailTO:dave&#64;example.com">text4</a></li>

	<li>64. <a href="www.text.cz">test5</a></li>

	<li>65. &lt;a href=„hxxp://­test/“&gt;test6</li>

	<li>66. &lt;a href=„javascrip­t:alert('')“&gt;tes­t7</li>

	<li>67. <a href="mailto:dave&#64;example.com">test8</a></li>
</ul>

<p title="title">[php Fashion1]: <a href="http://phpfashion.com/" rel="nofollow">http://phpfashion.com/</a> text <em>o</em>dkazu [php Fashion2]: /trine/ .(title) [php Fashion3]:
./trine/ [email]: <a href="mailto:dave&#64;example.com">dave&#64;<!-- -->example.com</a> .(title)</p>

<p title="title">[xobrazek1]: [*texy-big.jpg | texy-big2.jpg*] text [xobrazek2]: [* texy-big.jpg *] text [xobrazek3]: [<em>texy-big.jpg</em>]</p>

<p title="test">[xobrazek4]: [<em>obrazek3</em>] [<em>obrazek1</em>]</p>
