<p>IÂ fell sometimes ğŸ™‚ and sometimes â˜¹</p>

<p>WTF is this? ğŸ˜®</p>

<p>ğŸ™‚</p>

<p><strong>ğŸ™‚</strong></p>

<p>ğŸ™‚</p>
